2026-09-29 18:20:37 INFO  (LoggingInitialization) Using log config file: jar:file:/C:/Users/profe/analysis/ghidra/ghidra_12.0.4_PUBLIC/Ghidra/Framework/Generic/lib/Generic.jar!/generic.log4j.xml  
2026-09-29 18:20:37 INFO  (LoggingInitialization) Using log file: C:\Users\profe\analysis\output\callx_trace.log  
2026-09-29 18:20:37 INFO  (Preferences) Loading user preferences: C:\Users\profe\AppData\Roaming\ghidra\ghidra_12.0.4_PUBLIC\preferences  
2026-09-29 18:20:37 INFO  (ClassSearcher) Searching for classes...  
2026-09-29 18:20:38 INFO  (ClassSearcher) Class search complete (936 ms)  
2026-09-29 18:20:38 INFO  (DefaultSSLContextInitializer) Initializing SSL Context  
2026-09-29 18:20:38 INFO  (SecureRandomFactory) Initializing Random Number Generator...  
2026-09-29 18:20:38 INFO  (SecureRandomFactory) Random Number Generator initialization complete: SHA1PRNG  
2026-09-29 18:20:38 INFO  (DefaultTrustManagerFactory) Trust manager disabled, cacerts have not been set  
2026-09-29 18:20:39 INFO  (AnalyzeHeadless) Headless startup complete (3375 ms)  
2026-09-29 18:20:39 INFO  (ClassSearcher) Class searcher loaded 58 extension points (18 false positives)  
2026-09-29 18:20:39 INFO  (HeadlessAnalyzer) HEADLESS Script Paths:
    C:\Users\profe\analysis\ghidra\ghidra_12.0.4_PUBLIC\Ghidra\Features\VersionTracking\ghidra_scripts
    C:\Users\profe\analysis\ghidra\ghidra_12.0.4_PUBLIC\Ghidra\Debug\Debugger-rmi-trace\ghidra_scripts
    C:\Users\profe\analysis\ghidra\ghidra_12.0.4_PUBLIC\Ghidra\Features\FileFormats\ghidra_scripts
    C:\Users\profe\analysis\ghidra\ghidra_12.0.4_PUBLIC\Ghidra\Features\PDB\ghidra_scripts
    C:\Users\profe\analysis\ghidra\ghidra_12.0.4_PUBLIC\Ghidra\Processors\Atmel\ghidra_scripts
    C:\Users\profe\analysis\ghidra\ghidra_12.0.4_PUBLIC\Ghidra\Processors\DATA\ghidra_scripts
    C:\Users\profe\analysis\ghidra\ghidra_12.0.4_PUBLIC\Ghidra\Features\BSim\ghidra_scripts
    C:\Users\profe\analysis\ghidra\ghidra_12.0.4_PUBLIC\Ghidra\Features\Jython\ghidra_scripts
    C:\Users\profe\analysis\ghidra\ghidra_12.0.4_PUBLIC\Ghidra\Features\Base\ghidra_scripts
    C:\Users\profe\analysis\ghidra\ghidra_12.0.4_PUBLIC\Ghidra\Features\BytePatterns\ghidra_scripts
    C:\Users\profe\analysis\ghidra\ghidra_12.0.4_PUBLIC\Ghidra\Processors\JVM\ghidra_scripts
    C:\Users\profe\analysis\ghidra\ghidra_12.0.4_PUBLIC\Ghidra\Features\MicrosoftCodeAnalyzer\ghidra_scripts
    C:\Users\profe\analysis\ghidra\ghidra_12.0.4_PUBLIC\Ghidra\Features\DecompilerDependent\ghidra_scripts
    C:\Users\profe\analysis\ghidra_scripts
    C:\Users\profe\analysis\ghidra\ghidra_12.0.4_PUBLIC\Ghidra\Features\PyGhidra\ghidra_scripts
    C:\Users\profe\analysis\ghidra\ghidra_12.0.4_PUBLIC\Ghidra\Processors\PIC\ghidra_scripts
    C:\Users\profe\analysis\ghidra\ghidra_12.0.4_PUBLIC\Ghidra\Processors\8051\ghidra_scripts
    C:\Users\profe\analysis\ghidra\ghidra_12.0.4_PUBLIC\Ghidra\Features\GnuDemangler\ghidra_scripts
    C:\Users\profe\analysis\ghidra\ghidra_12.0.4_PUBLIC\Ghidra\Features\Decompiler\ghidra_scripts
    C:\Users\profe\analysis\ghidra\ghidra_12.0.4_PUBLIC\Ghidra\Features\WildcardAssembler\ghidra_scripts
    C:\Users\profe\analysis\ghidra\ghidra_12.0.4_PUBLIC\Ghidra\Features\SwiftDemangler\ghidra_scripts
    C:\Users\profe\analysis\ghidra\ghidra_12.0.4_PUBLIC\Ghidra\Debug\Debugger\ghidra_scripts
    C:\Users\profe\analysis\ghidra\ghidra_12.0.4_PUBLIC\Ghidra\Features\FunctionID\ghidra_scripts
    C:\Users\profe\analysis\ghidra\ghidra_12.0.4_PUBLIC\Ghidra\Features\SystemEmulation\ghidra_scripts  
2026-09-29 18:20:39 INFO  (HeadlessAnalyzer) HEADLESS: execution starts  
2026-09-29 18:20:39 INFO  (HeadlessAnalyzer) Opening existing project: C:\Users\profe\analysis\ghidra_project\SolanaAnalysis  
2026-09-29 18:20:39 INFO  (HeadlessProject) Opening project: C:\Users\profe\analysis\ghidra_project\SolanaAnalysis  
2026-09-29 18:20:42 INFO  (HeadlessAnalyzer) REPORT: Processing project file: /program.so  
2026-09-29 18:20:42 INFO  (HeadlessAnalyzer) ANALYZING all memory and code: /program.so  
2026-09-29 18:20:44 DEBUG (FidAnalyzer) No FID Libraries apply for language eBPF:LE:64:default  
2026-09-29 18:20:44 INFO  (PackedDatabaseCache) Packed database cache: C:\Users\profe\AppData\Local\ghidra\packed-db-cache  
2026-09-29 18:20:44 DEBUG (PackedDatabaseCache) Using cached packed database: C:\Users\profe\analysis\ghidra\ghidra_12.0.4_PUBLIC\Ghidra\Features\Base\data\typeinfo\generic\generic_clib_64.gdt  
2026-09-29 18:20:46 INFO  (ApplyDataArchiveAnalyzer) Applied data type archive: generic_clib_64  
2026-09-29 18:20:46 INFO  (ExternalSymbolResolverAnalyzer) Resolving External Symbols of [/program.so] - 1 unresolved symbols, no external libraries configured - skipping  
2026-09-29 18:20:46 INFO  (AutoAnalysisManager) -----------------------------------------------------
    ASCII Strings                              0.545 secs
    Apply Data Archives                        1.338 secs
    Basic Constant Reference Analyzer          0.634 secs
    Call Convention ID                         0.005 secs
    Call-Fixup Installer                       0.007 secs
    Create Address Tables                      0.043 secs
    Create Function                            0.013 secs
    Data Reference                             0.030 secs
    Decompiler Switch Analysis                 0.023 secs
    Demangler GNU                              0.086 secs
    Disassemble Entry Points                   0.063 secs
    ELF Scalar Operand References              0.238 secs
    Embedded Media                             0.026 secs
    External Entry References                  0.002 secs
    External Symbol Resolver                   0.005 secs
    Function ID                                0.145 secs
    Non-Returning Functions - Discovered       0.318 secs
    Non-Returning Functions - Known            0.026 secs
    Reference                                  0.058 secs
    Shared Return Calls                        0.063 secs
    Stack                                      0.114 secs
    Subroutine References                      0.125 secs
    Subroutine References - One Time           0.000 secs
    eBPF Syscall Functions                     0.194 secs
-----------------------------------------------------
     Total Time   4 secs
-----------------------------------------------------
  
2026-09-29 18:20:46 INFO  (HeadlessAnalyzer) REPORT: Analysis succeeded for file: /program.so  
2026-09-29 18:20:46 INFO  (HeadlessAnalyzer) REPORT: Execute script: TraceCallX.java   
2026-09-29 18:20:50 INFO  (HeadlessAnalyzer) SCRIPT: C:\Users\profe\analysis\ghidra_scripts\TraceCallX.java  
2026-09-29 18:20:50 INFO  (GhidraScript) TraceCallX.java> === CALLX REGISTER TRACE ===  
2026-09-29 18:20:50 INFO  (GhidraScript) TraceCallX.java> --- ram:0000a478  CALLX R4 ---  
2026-09-29 18:20:50 INFO  (GhidraScript) TraceCallX.java>     ram:0000a458  LDXDW R4,[R2 + 0x18]  
2026-09-29 18:20:50 INFO  (GhidraScript) TraceCallX.java>         immediate: 0x18  
2026-09-29 18:20:50 INFO  (GhidraScript) TraceCallX.java> --- ram:0000aef8  CALLX R9 ---  
2026-09-29 18:20:50 INFO  (GhidraScript) TraceCallX.java>     ram:0000aed0  LDXDW R9,[R7 + 0x18]  
2026-09-29 18:20:50 INFO  (GhidraScript) TraceCallX.java>         immediate: 0x18  
2026-09-29 18:20:50 INFO  (GhidraScript) TraceCallX.java> --- ram:0000b060  CALLX R9 ---  
2026-09-29 18:20:50 INFO  (GhidraScript) TraceCallX.java> --- ram:0000b108  CALLX R3 ---  
2026-09-29 18:20:50 INFO  (GhidraScript) TraceCallX.java>     ram:0000b0e8  LDXDW R3,[R1 + 0x18]  
2026-09-29 18:20:50 INFO  (GhidraScript) TraceCallX.java>         immediate: 0x18  
2026-09-29 18:20:50 INFO  (GhidraScript) TraceCallX.java> --- ram:0000b190  CALLX R9 ---  
2026-09-29 18:20:50 INFO  (GhidraScript) TraceCallX.java> --- ram:0000b1c8  CALLX R9 ---  
2026-09-29 18:20:50 INFO  (GhidraScript) TraceCallX.java> --- ram:0000b540  CALLX R4 ---  
2026-09-29 18:20:50 INFO  (GhidraScript) TraceCallX.java>     ram:0000b530  LDXDW R4,[R1 + 0x18]  
2026-09-29 18:20:50 INFO  (GhidraScript) TraceCallX.java>         immediate: 0x18  
2026-09-29 18:20:50 INFO  (GhidraScript) TraceCallX.java> --- ram:0000b900  CALLX R4 ---  
2026-09-29 18:20:50 INFO  (GhidraScript) TraceCallX.java>     ram:0000b8d8  LDXDW R4,[R1 + 0x18]  
2026-09-29 18:20:50 INFO  (GhidraScript) TraceCallX.java>         immediate: 0x18  
2026-09-29 18:20:50 INFO  (GhidraScript) TraceCallX.java> --- ram:0000c018  CALLX R4 ---  
2026-09-29 18:20:50 INFO  (GhidraScript) TraceCallX.java>     ram:0000c010  LDXDW R4,[R4 + 0x18]  
2026-09-29 18:20:50 INFO  (GhidraScript) TraceCallX.java>         immediate: 0x18  
2026-09-29 18:20:50 INFO  (GhidraScript) TraceCallX.java> --- ram:0000c048  CALLX R3 ---  
2026-09-29 18:20:50 INFO  (GhidraScript) TraceCallX.java>     ram:0000c038  LDXDW R3,[R2 + 0x18]  
2026-09-29 18:20:50 INFO  (GhidraScript) TraceCallX.java>         immediate: 0x18  
2026-09-29 18:20:50 INFO  (GhidraScript) TraceCallX.java> --- ram:0000c098  CALLX R4 ---  
2026-09-29 18:20:50 INFO  (GhidraScript) TraceCallX.java>     ram:0000c078  LDXDW R4,[R2 + 0x18]  
2026-09-29 18:20:50 INFO  (GhidraScript) TraceCallX.java>         immediate: 0x18  
2026-09-29 18:20:50 INFO  (GhidraScript) TraceCallX.java> --- ram:0000c1b0  CALLX R3 ---  
2026-09-29 18:20:50 INFO  (GhidraScript) TraceCallX.java>     ram:0000c190  LDXDW R3,[R1 + 0x18]  
2026-09-29 18:20:50 INFO  (GhidraScript) TraceCallX.java>         immediate: 0x18  
2026-09-29 18:20:50 INFO  (GhidraScript) TraceCallX.java> --- ram:0000c1f0  CALLX R4 ---  
2026-09-29 18:20:50 INFO  (GhidraScript) TraceCallX.java>     ram:0000c1c8  LDXDW R4,[R1 + 0x18]  
2026-09-29 18:20:50 INFO  (GhidraScript) TraceCallX.java>         immediate: 0x18  
2026-09-29 18:20:50 INFO  (GhidraScript) TraceCallX.java> --- ram:0000c540  CALLX R4 ---  
2026-09-29 18:20:50 INFO  (GhidraScript) TraceCallX.java>     ram:0000c528  LDXDW R4,[R1 + 0x18]  
2026-09-29 18:20:50 INFO  (GhidraScript) TraceCallX.java>         immediate: 0x18  
2026-09-29 18:20:50 INFO  (GhidraScript) TraceCallX.java> --- ram:0000c570  CALLX R3 ---  
2026-09-29 18:20:50 INFO  (GhidraScript) TraceCallX.java>     ram:0000c550  LDXDW R3,[R6 + 0x8]  
2026-09-29 18:20:50 INFO  (GhidraScript) TraceCallX.java>         immediate: 0x8  
2026-09-29 18:20:50 INFO  (GhidraScript) TraceCallX.java> --- ram:0000c658  CALLX R3 ---  
2026-09-29 18:20:50 INFO  (GhidraScript) TraceCallX.java>     ram:0000c638  LDXDW R3,[R2 + 0x8]  
2026-09-29 18:20:50 INFO  (GhidraScript) TraceCallX.java>         immediate: 0x8  
2026-09-29 18:20:50 INFO  (GhidraScript) TraceCallX.java> --- ram:0000c6c0  CALLX R4 ---  
2026-09-29 18:20:50 INFO  (GhidraScript) TraceCallX.java>     ram:0000c6a8  LDXDW R4,[R1 + 0x18]  
2026-09-29 18:20:50 INFO  (GhidraScript) TraceCallX.java>         immediate: 0x18  
2026-09-29 18:20:50 INFO  (GhidraScript) TraceCallX.java> --- ram:0000c8a0  CALLX R4 ---  
2026-09-29 18:20:50 INFO  (GhidraScript) TraceCallX.java>     ram:0000c890  LDXDW R4,[R1 + 0x18]  
2026-09-29 18:20:50 INFO  (GhidraScript) TraceCallX.java>         immediate: 0x18  
2026-09-29 18:20:50 INFO  (GhidraScript) TraceCallX.java> --- ram:0000cb08  CALLX R4 ---  
2026-09-29 18:20:50 INFO  (GhidraScript) TraceCallX.java>     ram:0000cae8  LDXDW R4,[R9 + 0x18]  
2026-09-29 18:20:50 INFO  (GhidraScript) TraceCallX.java>         immediate: 0x18  
2026-09-29 18:20:50 INFO  (GhidraScript) TraceCallX.java> --- ram:0000ccd0  CALLX R3 ---  
2026-09-29 18:20:50 INFO  (GhidraScript) TraceCallX.java>     ram:0000ccb8  LDXDW R3,[R1 + 0x20]  
2026-09-29 18:20:50 INFO  (GhidraScript) TraceCallX.java>         immediate: 0x20  
2026-09-29 18:20:50 INFO  (GhidraScript) TraceCallX.java> --- ram:0000cd20  CALLX R4 ---  
2026-09-29 18:20:50 INFO  (GhidraScript) TraceCallX.java>     ram:0000cd00  LDXDW R4,[R1 + 0x18]  
2026-09-29 18:20:50 INFO  (GhidraScript) TraceCallX.java>         immediate: 0x18  
2026-09-29 18:20:50 INFO  (GhidraScript) TraceCallX.java> --- ram:0000cde8  CALLX R3 ---  
2026-09-29 18:20:50 INFO  (GhidraScript) TraceCallX.java>     ram:0000cdd0  LDXDW R3,[R1 + 0x20]  
2026-09-29 18:20:50 INFO  (GhidraScript) TraceCallX.java>         immediate: 0x20  
2026-09-29 18:20:50 INFO  (GhidraScript) TraceCallX.java> --- ram:0000ce68  CALLX R4 ---  
2026-09-29 18:20:50 INFO  (GhidraScript) TraceCallX.java>     ram:0000ce48  LDXDW R4,[R1 + 0x18]  
2026-09-29 18:20:50 INFO  (GhidraScript) TraceCallX.java>         immediate: 0x18  
2026-09-29 18:20:50 INFO  (GhidraScript) TraceCallX.java> --- ram:0000ceb0  CALLX R3 ---  
2026-09-29 18:20:50 INFO  (GhidraScript) TraceCallX.java>     ram:0000ce98  LDXDW R3,[R1 + 0x20]  
2026-09-29 18:20:50 INFO  (GhidraScript) TraceCallX.java>         immediate: 0x20  
2026-09-29 18:20:50 INFO  (GhidraScript) TraceCallX.java> --- ram:0000cf50  CALLX R4 ---  
2026-09-29 18:20:50 INFO  (GhidraScript) TraceCallX.java>     ram:0000cf38  LDXDW R4,[R9 + 0x20]  
2026-09-29 18:20:50 INFO  (GhidraScript) TraceCallX.java>         immediate: 0x20  
2026-09-29 18:20:50 INFO  (GhidraScript) TraceCallX.java> --- ram:0000cfa8  CALLX R4 ---  
2026-09-29 18:20:50 INFO  (GhidraScript) TraceCallX.java>     ram:0000cf88  LDXDW R4,[R9 + 0x18]  
2026-09-29 18:20:50 INFO  (GhidraScript) TraceCallX.java>         immediate: 0x18  
2026-09-29 18:20:50 INFO  (GhidraScript) TraceCallX.java> --- ram:0000d198  CALLX R4 ---  
2026-09-29 18:20:50 INFO  (GhidraScript) TraceCallX.java>     ram:0000d190  LDXDW R4,[R4 + 0x18]  
2026-09-29 18:20:50 INFO  (GhidraScript) TraceCallX.java>         immediate: 0x18  
2026-09-29 18:20:50 INFO  (GhidraScript) TraceCallX.java> --- ram:0000d250  CALLX R4 ---  
2026-09-29 18:20:50 INFO  (GhidraScript) TraceCallX.java>     ram:0000d238  LDXDW R4,[R2 + 0x18]  
2026-09-29 18:20:50 INFO  (GhidraScript) TraceCallX.java>         immediate: 0x18  
2026-09-29 18:20:50 INFO  (GhidraScript) TraceCallX.java> --- ram:0000d398  CALLX R4 ---  
2026-09-29 18:20:50 INFO  (GhidraScript) TraceCallX.java>     ram:0000d380  LDXDW R4,[R2 + 0x18]  
2026-09-29 18:20:50 INFO  (GhidraScript) TraceCallX.java>         immediate: 0x18  
2026-09-29 18:20:50 INFO  (GhidraScript) TraceCallX.java> --- ram:0000d428  CALLX R3 ---  
2026-09-29 18:20:50 INFO  (GhidraScript) TraceCallX.java>     ram:0000d410  LDXDW R3,[R7 + 0x20]  
2026-09-29 18:20:50 INFO  (GhidraScript) TraceCallX.java>         immediate: 0x20  
2026-09-29 18:20:50 INFO  (GhidraScript) TraceCallX.java> --- ram:0000d470  CALLX R4 ---  
2026-09-29 18:20:50 INFO  (GhidraScript) TraceCallX.java>     ram:0000d450  LDXDW R4,[R7 + 0x18]  
2026-09-29 18:20:50 INFO  (GhidraScript) TraceCallX.java>         immediate: 0x18  
2026-09-29 18:20:50 INFO  (GhidraScript) TraceCallX.java> --- ram:0000d4c8  CALLX R3 ---  
2026-09-29 18:20:50 INFO  (GhidraScript) TraceCallX.java>     ram:0000d4b0  LDXDW R3,[R7 + 0x20]  
2026-09-29 18:20:50 INFO  (GhidraScript) TraceCallX.java>         immediate: 0x20  
2026-09-29 18:20:50 INFO  (GhidraScript) TraceCallX.java> --- ram:0000d540  CALLX R5 ---  
2026-09-29 18:20:50 INFO  (GhidraScript) TraceCallX.java>     ram:0000d530  LDXDW R5,[R1 + 0x18]  
2026-09-29 18:20:50 INFO  (GhidraScript) TraceCallX.java>         immediate: 0x18  
2026-09-29 18:20:50 INFO  (GhidraScript) TraceCallX.java> --- ram:0000d830  CALLX R4 ---  
2026-09-29 18:20:50 INFO  (GhidraScript) TraceCallX.java>     ram:0000d820  LDXDW R4,[R1 + 0x18]  
2026-09-29 18:20:50 INFO  (GhidraScript) TraceCallX.java>         immediate: 0x18  
2026-09-29 18:20:50 INFO  (GhidraScript) TraceCallX.java> --- ram:0000d940  CALLX R4 ---  
2026-09-29 18:20:50 INFO  (GhidraScript) TraceCallX.java>     ram:0000d920  LDXDW R4,[R2 + 0x18]  
2026-09-29 18:20:50 INFO  (GhidraScript) TraceCallX.java>         immediate: 0x18  
2026-09-29 18:20:50 INFO  (GhidraScript) TraceCallX.java> --- ram:0000d9a0  CALLX R4 ---  
2026-09-29 18:20:50 INFO  (GhidraScript) TraceCallX.java>     ram:0000d980  LDXDW R4,[R2 + 0x18]  
2026-09-29 18:20:50 INFO  (GhidraScript) TraceCallX.java>         immediate: 0x18  
2026-09-29 18:20:50 INFO  (GhidraScript) TraceCallX.java> --- ram:00010a70  CALLX R4 ---  
2026-09-29 18:20:50 INFO  (GhidraScript) TraceCallX.java>     ram:00010a60  LDXDW R4,[R1 + 0x18]  
2026-09-29 18:20:50 INFO  (GhidraScript) TraceCallX.java>         immediate: 0x18  
2026-09-29 18:20:50 INFO  (HeadlessAnalyzer) ANALYZING changes made by post scripts: /program.so  
2026-09-29 18:20:50 INFO  (HeadlessAnalyzer) REPORT: Post-analysis succeeded for file: /program.so  
2026-09-29 18:20:50 INFO  (HeadlessAnalyzer) REPORT: Save succeeded for processed file: /program.so  
