2026-09-29 18:15:51 INFO  (LoggingInitialization) Using log config file: jar:file:/C:/Users/profe/analysis/ghidra/ghidra_12.0.4_PUBLIC/Ghidra/Framework/Generic/lib/Generic.jar!/generic.log4j.xml  
2026-09-29 18:15:51 INFO  (LoggingInitialization) Using log file: C:\Users\profe\analysis\output\refs.log  
2026-09-29 18:15:51 INFO  (Preferences) Loading user preferences: C:\Users\profe\AppData\Roaming\ghidra\ghidra_12.0.4_PUBLIC\preferences  
2026-09-29 18:15:51 INFO  (ClassSearcher) Searching for classes...  
2026-09-29 18:15:52 INFO  (ClassSearcher) Class search complete (1016 ms)  
2026-09-29 18:15:52 INFO  (DefaultSSLContextInitializer) Initializing SSL Context  
2026-09-29 18:15:53 INFO  (SecureRandomFactory) Initializing Random Number Generator...  
2026-09-29 18:15:53 INFO  (SecureRandomFactory) Random Number Generator initialization complete: SHA1PRNG  
2026-09-29 18:15:53 INFO  (DefaultTrustManagerFactory) Trust manager disabled, cacerts have not been set  
2026-09-29 18:15:53 INFO  (AnalyzeHeadless) Headless startup complete (3445 ms)  
2026-09-29 18:15:53 INFO  (ClassSearcher) Class searcher loaded 58 extension points (18 false positives)  
2026-09-29 18:15:53 INFO  (HeadlessAnalyzer) HEADLESS Script Paths:
    C:\Users\profe\analysis\ghidra\ghidra_12.0.4_PUBLIC\Ghidra\Features\VersionTracking\ghidra_scripts
    C:\Users\profe\analysis\ghidra\ghidra_12.0.4_PUBLIC\Ghidra\Debug\Debugger-rmi-trace\ghidra_scripts
    C:\Users\profe\analysis\ghidra\ghidra_12.0.4_PUBLIC\Ghidra\Features\FileFormats\ghidra_scripts
    C:\Users\profe\analysis\ghidra\ghidra_12.0.4_PUBLIC\Ghidra\Features\PDB\ghidra_scripts
    C:\Users\profe\analysis\ghidra\ghidra_12.0.4_PUBLIC\Ghidra\Processors\Atmel\ghidra_scripts
    C:\Users\profe\analysis\ghidra\ghidra_12.0.4_PUBLIC\Ghidra\Processors\DATA\ghidra_scripts
    C:\Users\profe\analysis\ghidra\ghidra_12.0.4_PUBLIC\Ghidra\Features\BSim\ghidra_scripts
    C:\Users\profe\analysis\ghidra\ghidra_12.0.4_PUBLIC\Ghidra\Features\Jython\ghidra_scripts
    C:\Users\profe\analysis\ghidra\ghidra_12.0.4_PUBLIC\Ghidra\Features\Base\ghidra_scripts
    C:\Users\profe\analysis\ghidra\ghidra_12.0.4_PUBLIC\Ghidra\Features\BytePatterns\ghidra_scripts
    C:\Users\profe\analysis\ghidra\ghidra_12.0.4_PUBLIC\Ghidra\Processors\JVM\ghidra_scripts
    C:\Users\profe\analysis\ghidra\ghidra_12.0.4_PUBLIC\Ghidra\Features\MicrosoftCodeAnalyzer\ghidra_scripts
    C:\Users\profe\analysis\ghidra\ghidra_12.0.4_PUBLIC\Ghidra\Features\DecompilerDependent\ghidra_scripts
    C:\Users\profe\analysis\ghidra_scripts
    C:\Users\profe\analysis\ghidra\ghidra_12.0.4_PUBLIC\Ghidra\Features\PyGhidra\ghidra_scripts
    C:\Users\profe\analysis\ghidra\ghidra_12.0.4_PUBLIC\Ghidra\Processors\PIC\ghidra_scripts
    C:\Users\profe\analysis\ghidra\ghidra_12.0.4_PUBLIC\Ghidra\Processors\8051\ghidra_scripts
    C:\Users\profe\analysis\ghidra\ghidra_12.0.4_PUBLIC\Ghidra\Features\GnuDemangler\ghidra_scripts
    C:\Users\profe\analysis\ghidra\ghidra_12.0.4_PUBLIC\Ghidra\Features\Decompiler\ghidra_scripts
    C:\Users\profe\analysis\ghidra\ghidra_12.0.4_PUBLIC\Ghidra\Features\WildcardAssembler\ghidra_scripts
    C:\Users\profe\analysis\ghidra\ghidra_12.0.4_PUBLIC\Ghidra\Features\SwiftDemangler\ghidra_scripts
    C:\Users\profe\analysis\ghidra\ghidra_12.0.4_PUBLIC\Ghidra\Debug\Debugger\ghidra_scripts
    C:\Users\profe\analysis\ghidra\ghidra_12.0.4_PUBLIC\Ghidra\Features\FunctionID\ghidra_scripts
    C:\Users\profe\analysis\ghidra\ghidra_12.0.4_PUBLIC\Ghidra\Features\SystemEmulation\ghidra_scripts  
2026-09-29 18:15:53 INFO  (HeadlessAnalyzer) HEADLESS: execution starts  
2026-09-29 18:15:54 INFO  (HeadlessAnalyzer) Opening existing project: C:\Users\profe\analysis\ghidra_project\SolanaAnalysis  
2026-09-29 18:15:54 INFO  (HeadlessProject) Opening project: C:\Users\profe\analysis\ghidra_project\SolanaAnalysis  
2026-09-29 18:15:57 INFO  (HeadlessAnalyzer) REPORT: Processing project file: /program.so  
2026-09-29 18:15:57 INFO  (HeadlessAnalyzer) ANALYZING all memory and code: /program.so  
2026-09-29 18:15:59 DEBUG (FidAnalyzer) No FID Libraries apply for language eBPF:LE:64:default  
2026-09-29 18:15:59 INFO  (PackedDatabaseCache) Packed database cache: C:\Users\profe\AppData\Local\ghidra\packed-db-cache  
2026-09-29 18:15:59 DEBUG (PackedDatabaseCache) Using cached packed database: C:\Users\profe\analysis\ghidra\ghidra_12.0.4_PUBLIC\Ghidra\Features\Base\data\typeinfo\generic\generic_clib_64.gdt  
2026-09-29 18:16:01 INFO  (ApplyDataArchiveAnalyzer) Applied data type archive: generic_clib_64  
2026-09-29 18:16:01 INFO  (ExternalSymbolResolverAnalyzer) Resolving External Symbols of [/program.so] - 1 unresolved symbols, no external libraries configured - skipping  
2026-09-29 18:16:02 INFO  (AutoAnalysisManager) -----------------------------------------------------
    ASCII Strings                              0.812 secs
    Apply Data Archives                        1.343 secs
    Basic Constant Reference Analyzer          0.542 secs
    Call Convention ID                         0.009 secs
    Call-Fixup Installer                       0.007 secs
    Create Address Tables                      0.072 secs
    Create Function                            0.010 secs
    Data Reference                             0.030 secs
    Decompiler Switch Analysis                 0.018 secs
    Demangler GNU                              0.072 secs
    Disassemble Entry Points                   0.075 secs
    ELF Scalar Operand References              0.270 secs
    Embedded Media                             0.035 secs
    External Entry References                  0.000 secs
    External Symbol Resolver                   0.008 secs
    Function ID                                0.143 secs
    Non-Returning Functions - Discovered       0.342 secs
    Non-Returning Functions - Known            0.030 secs
    Reference                                  0.058 secs
    Shared Return Calls                        0.054 secs
    Stack                                      0.080 secs
    Subroutine References                      0.099 secs
    Subroutine References - One Time           0.000 secs
    eBPF Syscall Functions                     0.221 secs
-----------------------------------------------------
     Total Time   4 secs
-----------------------------------------------------
  
2026-09-29 18:16:02 INFO  (HeadlessAnalyzer) REPORT: Analysis succeeded for file: /program.so  
2026-09-29 18:16:02 INFO  (HeadlessAnalyzer) REPORT: Execute script: FindRefs.py   
2026-09-29 18:16:02 ERROR (HeadlessAnalyzer) REPORT SCRIPT ERROR: FindRefs.py : Ghidra was not started with PyGhidra. Python is not available ghidra.app.script.GhidraScriptLoadException: Ghidra was not started with PyGhidra. Python is not available
	at ghidra.pyghidra.PyGhidraScriptProvider.getScriptInstance(PyGhidraScriptProvider.java:75)
	at ghidra.app.util.headless.HeadlessAnalyzer.runScriptsList(HeadlessAnalyzer.java:924)
	at ghidra.app.util.headless.HeadlessAnalyzer.analyzeProgram(HeadlessAnalyzer.java:1086)
	at ghidra.app.util.headless.HeadlessAnalyzer.processFileNoImport(HeadlessAnalyzer.java:1184)
	at ghidra.app.util.headless.HeadlessAnalyzer.processFolderNoImport(HeadlessAnalyzer.java:1356)
	at ghidra.app.util.headless.HeadlessAnalyzer.processNoImport(HeadlessAnalyzer.java:1385)
	at ghidra.app.util.headless.HeadlessAnalyzer.processLocal(HeadlessAnalyzer.java:459)
	at ghidra.app.util.headless.AnalyzeHeadless.launch(AnalyzeHeadless.java:199)
	at ghidra.GhidraLauncher.launch(GhidraLauncher.java:81)
	at ghidra.Ghidra.main(Ghidra.java:54)
 
2026-09-29 18:16:02 INFO  (HeadlessAnalyzer) ANALYZING changes made by post scripts: /program.so  
2026-09-29 18:16:02 INFO  (HeadlessAnalyzer) REPORT: Post-analysis succeeded for file: /program.so  
2026-09-29 18:16:02 INFO  (HeadlessAnalyzer) REPORT: Save succeeded for processed file: /program.so  
2026-09-29 18:16:36 INFO  (LoggingInitialization) Using log config file: jar:file:/C:/Users/profe/analysis/ghidra/ghidra_12.0.4_PUBLIC/Ghidra/Framework/Generic/lib/Generic.jar!/generic.log4j.xml  
2026-09-29 18:16:36 INFO  (LoggingInitialization) Using log file: C:\Users\profe\analysis\output\refs.log  
2026-09-29 18:16:36 INFO  (Preferences) Loading user preferences: C:\Users\profe\AppData\Roaming\ghidra\ghidra_12.0.4_PUBLIC\preferences  
2026-09-29 18:16:36 INFO  (ClassSearcher) Searching for classes...  
2026-09-29 18:16:38 INFO  (ClassSearcher) Class search complete (1161 ms)  
2026-09-29 18:16:38 INFO  (DefaultSSLContextInitializer) Initializing SSL Context  
2026-09-29 18:16:38 INFO  (SecureRandomFactory) Initializing Random Number Generator...  
2026-09-29 18:16:38 INFO  (SecureRandomFactory) Random Number Generator initialization complete: SHA1PRNG  
2026-09-29 18:16:38 INFO  (DefaultTrustManagerFactory) Trust manager disabled, cacerts have not been set  
2026-09-29 18:16:38 INFO  (AnalyzeHeadless) Headless startup complete (3797 ms)  
2026-09-29 18:16:38 INFO  (ClassSearcher) Class searcher loaded 58 extension points (18 false positives)  
2026-09-29 18:16:39 INFO  (HeadlessAnalyzer) HEADLESS Script Paths:
    C:\Users\profe\analysis\ghidra\ghidra_12.0.4_PUBLIC\Ghidra\Features\VersionTracking\ghidra_scripts
    C:\Users\profe\analysis\ghidra\ghidra_12.0.4_PUBLIC\Ghidra\Debug\Debugger-rmi-trace\ghidra_scripts
    C:\Users\profe\analysis\ghidra\ghidra_12.0.4_PUBLIC\Ghidra\Features\FileFormats\ghidra_scripts
    C:\Users\profe\analysis\ghidra\ghidra_12.0.4_PUBLIC\Ghidra\Features\PDB\ghidra_scripts
    C:\Users\profe\analysis\ghidra\ghidra_12.0.4_PUBLIC\Ghidra\Processors\Atmel\ghidra_scripts
    C:\Users\profe\analysis\ghidra\ghidra_12.0.4_PUBLIC\Ghidra\Processors\DATA\ghidra_scripts
    C:\Users\profe\analysis\ghidra\ghidra_12.0.4_PUBLIC\Ghidra\Features\BSim\ghidra_scripts
    C:\Users\profe\analysis\ghidra\ghidra_12.0.4_PUBLIC\Ghidra\Features\Jython\ghidra_scripts
    C:\Users\profe\analysis\ghidra\ghidra_12.0.4_PUBLIC\Ghidra\Features\Base\ghidra_scripts
    C:\Users\profe\analysis\ghidra\ghidra_12.0.4_PUBLIC\Ghidra\Features\BytePatterns\ghidra_scripts
    C:\Users\profe\analysis\ghidra\ghidra_12.0.4_PUBLIC\Ghidra\Processors\JVM\ghidra_scripts
    C:\Users\profe\analysis\ghidra\ghidra_12.0.4_PUBLIC\Ghidra\Features\MicrosoftCodeAnalyzer\ghidra_scripts
    C:\Users\profe\analysis\ghidra\ghidra_12.0.4_PUBLIC\Ghidra\Features\DecompilerDependent\ghidra_scripts
    C:\Users\profe\analysis\ghidra_scripts
    C:\Users\profe\analysis\ghidra\ghidra_12.0.4_PUBLIC\Ghidra\Features\PyGhidra\ghidra_scripts
    C:\Users\profe\analysis\ghidra\ghidra_12.0.4_PUBLIC\Ghidra\Processors\PIC\ghidra_scripts
    C:\Users\profe\analysis\ghidra\ghidra_12.0.4_PUBLIC\Ghidra\Processors\8051\ghidra_scripts
    C:\Users\profe\analysis\ghidra\ghidra_12.0.4_PUBLIC\Ghidra\Features\GnuDemangler\ghidra_scripts
    C:\Users\profe\analysis\ghidra\ghidra_12.0.4_PUBLIC\Ghidra\Features\Decompiler\ghidra_scripts
    C:\Users\profe\analysis\ghidra\ghidra_12.0.4_PUBLIC\Ghidra\Features\WildcardAssembler\ghidra_scripts
    C:\Users\profe\analysis\ghidra\ghidra_12.0.4_PUBLIC\Ghidra\Features\SwiftDemangler\ghidra_scripts
    C:\Users\profe\analysis\ghidra\ghidra_12.0.4_PUBLIC\Ghidra\Debug\Debugger\ghidra_scripts
    C:\Users\profe\analysis\ghidra\ghidra_12.0.4_PUBLIC\Ghidra\Features\FunctionID\ghidra_scripts
    C:\Users\profe\analysis\ghidra\ghidra_12.0.4_PUBLIC\Ghidra\Features\SystemEmulation\ghidra_scripts  
2026-09-29 18:16:39 INFO  (HeadlessAnalyzer) HEADLESS: execution starts  
2026-09-29 18:16:39 INFO  (HeadlessAnalyzer) Opening existing project: C:\Users\profe\analysis\ghidra_project\SolanaAnalysis  
2026-09-29 18:16:39 INFO  (HeadlessProject) Opening project: C:\Users\profe\analysis\ghidra_project\SolanaAnalysis  
2026-09-29 18:16:42 INFO  (HeadlessAnalyzer) REPORT: Processing project file: /program.so  
2026-09-29 18:16:42 INFO  (HeadlessAnalyzer) ANALYZING all memory and code: /program.so  
2026-09-29 18:16:44 DEBUG (FidAnalyzer) No FID Libraries apply for language eBPF:LE:64:default  
2026-09-29 18:16:44 INFO  (PackedDatabaseCache) Packed database cache: C:\Users\profe\AppData\Local\ghidra\packed-db-cache  
2026-09-29 18:16:44 DEBUG (PackedDatabaseCache) Using cached packed database: C:\Users\profe\analysis\ghidra\ghidra_12.0.4_PUBLIC\Ghidra\Features\Base\data\typeinfo\generic\generic_clib_64.gdt  
2026-09-29 18:16:45 INFO  (ApplyDataArchiveAnalyzer) Applied data type archive: generic_clib_64  
2026-09-29 18:16:45 INFO  (ExternalSymbolResolverAnalyzer) Resolving External Symbols of [/program.so] - 1 unresolved symbols, no external libraries configured - skipping  
2026-09-29 18:16:46 INFO  (AutoAnalysisManager) -----------------------------------------------------
    ASCII Strings                              0.473 secs
    Apply Data Archives                        1.208 secs
    Basic Constant Reference Analyzer          0.684 secs
    Call Convention ID                         0.011 secs
    Call-Fixup Installer                       0.004 secs
    Create Address Tables                      0.030 secs
    Create Function                            0.010 secs
    Data Reference                             0.022 secs
    Decompiler Switch Analysis                 0.022 secs
    Demangler GNU                              0.112 secs
    Disassemble Entry Points                   0.068 secs
    ELF Scalar Operand References              0.236 secs
    Embedded Media                             0.017 secs
    External Entry References                  0.001 secs
    External Symbol Resolver                   0.011 secs
    Function ID                                0.131 secs
    Non-Returning Functions - Discovered       0.154 secs
    Non-Returning Functions - Known            0.021 secs
    Reference                                  0.051 secs
    Shared Return Calls                        0.063 secs
    Stack                                      0.068 secs
    Subroutine References                      0.070 secs
    Subroutine References - One Time           0.001 secs
    eBPF Syscall Functions                     0.192 secs
-----------------------------------------------------
     Total Time   3 secs
-----------------------------------------------------
  
2026-09-29 18:16:46 INFO  (HeadlessAnalyzer) REPORT: Analysis succeeded for file: /program.so  
2026-09-29 18:16:46 INFO  (HeadlessAnalyzer) REPORT: Execute script: FindRefs.java   
2026-09-29 18:16:46 INFO  (HeadlessAnalyzer) SCRIPT: C:\Users\profe\analysis\ghidra_scripts\FindRefs.java  
2026-09-29 18:16:46 INFO  (GhidraScript) FindRefs.java> === References to ram:00001ef8 ===  
2026-09-29 18:16:46 INFO  (GhidraScript) FindRefs.java> ram:000027d0  in FUN_ram_00002618  type=UNCONDITIONAL_CALL  
2026-09-29 18:16:46 INFO  (HeadlessAnalyzer) ANALYZING changes made by post scripts: /program.so  
2026-09-29 18:16:46 INFO  (HeadlessAnalyzer) REPORT: Post-analysis succeeded for file: /program.so  
2026-09-29 18:16:46 INFO  (HeadlessAnalyzer) REPORT: Save succeeded for processed file: /program.so  
